// Jest Snapshot v1, https://goo.gl/fbAQLP

exports[`<DashboardItem /> test should be render snap(expireInDays !== null) 1`] = `"<div class=\\"item\\"><h3>test promo-campaign</h3><div class=\\"tagsBlock\\"><div class=\\"tag\\">test name</div><div class=\\"tag\\">testDZO</div><div class=\\"tag red\\">Неактивная</div></div><div class=\\"statisticsBlock\\"><div class=\\"card red\\"><div class=\\"textBlock\\"><p class=\\"description\\">Загружено промокодов</p><p class=\\"value\\">0</p></div></div><div class=\\"card\\"><div class=\\"textBlock\\"><p class=\\"description\\">Осталось дней</p><p class=\\"value\\">15</p></div></div></div></div>"`;

exports[`<DashboardItem /> test should be render snap(issuedCodePercents !== null) 1`] = `"<div class=\\"item\\"><h3>test promo-campaign</h3><div class=\\"tagsBlock\\"><div class=\\"tag\\">test name</div><div class=\\"tag\\">testDZO</div><div class=\\"tag red\\">Неактивная</div></div><div class=\\"statisticsBlock\\"><div class=\\"card\\"><div class=\\"textBlock\\"><p class=\\"description\\">Выдано промокодов</p><p class=\\"value\\">70%</p></div></div><div class=\\"card red\\"><div class=\\"textBlock\\"><p class=\\"description\\">Загружено промокодов</p><p class=\\"value\\">0</p></div></div></div></div>"`;

exports[`<DashboardItem /> test should be render snap(noCodes: false) 1`] = `"<div class=\\"item\\"><h3>test promo-campaign</h3><div class=\\"tagsBlock\\"><div class=\\"tag\\">test name</div><div class=\\"tag\\">testDZO</div><div class=\\"tag red\\">Неактивная</div></div><div class=\\"statisticsBlock\\"></div></div>"`;

exports[`<DashboardItem /> test should be render snap(noCodes: true) 1`] = `"<div class=\\"item\\"><h3>test promo-campaign</h3><div class=\\"tagsBlock\\"><div class=\\"tag\\">test name</div><div class=\\"tag\\">testDZO</div><div class=\\"tag red\\">Неактивная</div></div><div class=\\"statisticsBlock\\"><div class=\\"card red\\"><div class=\\"textBlock\\"><p class=\\"description\\">Загружено промокодов</p><p class=\\"value\\">0</p></div></div></div></div>"`;
