// Jest Snapshot v1, https://goo.gl/fbAQLP

exports[`<ClientAppProperties /> test should match snapshot  1`] = `
"<div className=\\"clientAppForm\\">
  <ForwardRef(InternalForm) className=\\"form\\" form={{...}} onFinish={[Function: handleSubmit]} layout=\\"vertical\\" onFieldsChange={[Function: handleFieldsChange]} id=\\"edit\\">
    <div className=\\"container\\">
      <AppFormConstructor row={{...}} isEdit={true} />
      <AppFormConstructor row={{...}} isEdit={true} />
    </div>
    <div className=\\"container\\">
      <AppFormConstructor row={{...}} disabledFields={{...}} />
      <AppFormConstructor row={{...}} disabledFields={{...}} />
      <AppFormConstructor row={{...}} disabledFields={{...}} />
      <AppFormConstructor row={{...}} disabledFields={{...}} />
      <Row gutter={24} className=\\"row\\">
        <Col span={12}>
          <FormItem label=\\"Бизнес-роль, для которой доступно приложение\\" name=\\"businessRoleIds\\" normalize={[Function: normalize]}>
            <SelectTags data={{...}} idKey=\\"id\\" placeholder=\\"Выберите роль/роли\\" />
          </FormItem>
        </Col>
      </Row>
    </div>
    <div className=\\"container\\">
      <PrivacyPolicy consent={[undefined]} />
    </div>
    <div className=\\"buttonGroup\\">
      <Button disabled={true} type=\\"primary\\" htmlType=\\"submit\\">
        Сохранить
      </Button>
    </div>
  </ForwardRef(InternalForm)>
</div>"
`;
