// Jest Snapshot v1, https://goo.gl/fbAQLP

exports[`<ClientAppProperties /> test should match snapshot  1`] = `
"<div className=\\"clientAppForm\\">
  <ForwardRef(InternalForm) className=\\"form\\" initialValues={{...}} form={{...}} onFinish={[Function: handleFinish]} layout=\\"vertical\\" onFieldsChange={[Function: handleFieldsChange]} id=\\"edit\\">
    <Memo(ContentBlock) maxWidth={950}>
      <AppFormConstructor row={{...}} isEdit={true} isCreate={false} />
      <AppFormConstructor row={{...}} isEdit={true} isCreate={false} />
    </Memo(ContentBlock)>
    <Memo(ContentBlock) maxWidth={950}>
      <AppFormConstructor row={{...}} disabledFields={{...}} isCreate={false} />
      <AppFormConstructor row={{...}} disabledFields={{...}} isCreate={false} />
      <AppFormConstructor row={{...}} disabledFields={{...}} isCreate={false} />
      <AppFormConstructor row={{...}} disabledFields={{...}} isCreate={false} />
      <Row gutter={24} className=\\"row\\">
        <Col span={12}>
          <FormItem label=\\"Бизнес-роль, для которой доступно приложение\\" name=\\"businessRoleIds\\" normalize={[Function: normalize]}>
            <SelectTags data={{...}} idKey=\\"id\\" placeholder=\\"Выберите роль/роли\\" />
          </FormItem>
        </Col>
        <Col span={12}>
          <FormItem label=\\"Согласие\\" name=\\"consentId\\" rules={{...}}>
            <ForwardRef(InternalSelect) placeholder=\\"Выберите согласие\\" options={{...}} />
          </FormItem>
        </Col>
      </Row>
    </Memo(ContentBlock)>
    <Memo(ContentBlock)>
      <PrivacyPolicy consent={[undefined]} handleConsentListClick={[Function: handleConsentListClick]} />
    </Memo(ContentBlock)>
    <div className=\\"buttonGroup\\">
      <Button disabled={true} type=\\"primary\\" htmlType=\\"submit\\">
        Сохранить
      </Button>
    </div>
  </ForwardRef(InternalForm)>
</div>"
`;
