// Jest Snapshot v1, https://goo.gl/fbAQLP

exports[`<Template /> test Template snapshot 1`] = `"<div class=\\"ant-row row\\" style=\\"margin-left:-8px;margin-right:-8px\\"><div style=\\"padding-left:8px;padding-right:8px\\" class=\\"ant-col ant-col-12 col\\"><div class=\\"title\\">Баннер на главной</div><div class=\\"block\\"><div class=\\"\\"><img class=\\"banner\\" src=\\"http://distributor-fs:8081/distributor-fs/file?path=greenday-presents/promocampaign/sberhealth/2/card.jpg\\" alt=\\"\\"/></div><div class=\\"footer\\"><div class=\\"fileName\\">card.jpg</div><div class=\\"fileSize\\"></div></div></div></div><div style=\\"padding-left:8px;padding-right:8px\\" class=\\"ant-col ant-col-12 col\\"><div class=\\"title\\">Логотип на экране с номером (белый)</div><div class=\\"block\\"><div class=\\"logo\\"><img class=\\"imageLogo\\" alt=\\"\\"/></div><div class=\\"footer\\"><div class=\\"fileName\\"></div><div class=\\"fileSize\\"></div></div></div></div></div>"`;
