// Jest Snapshot v1, https://goo.gl/fbAQLP

exports[`<ButtonsBlock /> tests. should mount buttons 1`] = `"<button type=\\"button\\" class=\\"ant-btn ant-btn-TEST_PRIMARY_TYPE\\"><span>TEST_TEXT_ONE</span></button><button disabled=\\"\\" type=\\"button\\" class=\\"ant-btn ant-btn-TEST_DANGER_TYPE\\"><span>TEST_TEXT_TWO</span></button>"`;
