// Jest Snapshot v1, https://goo.gl/fbAQLP

exports[`<TemplateUploadButtonsWithModal /> test should be mount snap 1`] = `"<button value=\\"edit\\" type=\\"button\\" class=\\"ant-btn ant-btn-primary\\"><span>Добавить</span></button><button value=\\"delete\\" type=\\"button\\" class=\\"ant-btn\\"><span>Удалить</span></button>"`;
