// Jest Snapshot v1, https://goo.gl/fbAQLP

exports[`<Checkboxes /> test should be mount snap 1`] = `"<div class=\\"checkboxAllApps\\"><label class=\\"ant-checkbox-wrapper checkbox\\"><span class=\\"ant-checkbox\\"><input type=\\"checkbox\\" name=\\"all\\" class=\\"ant-checkbox-input\\"/><span class=\\"ant-checkbox-inner\\"></span></span><span>Все приложения</span></label></div><div class=\\"checkbox\\"><label class=\\"ant-checkbox-wrapper checkbox\\"><span class=\\"ant-checkbox\\"><input type=\\"checkbox\\" name=\\"TEST_KEY_ONE\\" class=\\"ant-checkbox-input\\"/><span class=\\"ant-checkbox-inner\\"></span></span><span>TEST_LABEL_ONE</span></label><label class=\\"ant-checkbox-wrapper checkbox\\"><span class=\\"ant-checkbox\\"><input type=\\"checkbox\\" name=\\"TEST_KEY_TWO\\" class=\\"ant-checkbox-input\\"/><span class=\\"ant-checkbox-inner\\"></span></span><span>TEST_LABEL_TWO</span></label></div>"`;
