// Jest Snapshot v1, https://goo.gl/fbAQLP

exports[`<Sidebar /> tests Sidebar snapshot 1`] = `"<div class=\\"menu\\"><div class=\\"blockLogo\\"><img class=\\"logo\\" src=\\"sber-logo.png\\" alt=\\"sberLogo\\"/></div><ul class=\\"ant-menu ant-menu-light ant-menu-root ant-menu-inline\\" role=\\"menu\\"></ul></div>"`;
