// Jest Snapshot v1, https://goo.gl/fbAQLP

exports[`UserListTable test should match snapshot 1`] = `
"<div className=\\"tableWrapper\\">
  <Table loading={[undefined]} onRow={[undefined]} rowKey=\\"id\\" className=\\"table\\" rowSelection={[undefined]} dataSource={[undefined]} pagination={[undefined]} showHeader={false} onChange={[undefined]} locale={{...}}>
    <Column width=\\"15%\\" dataIndex=\\"personalNumber\\" render={[Function: render]} />
    <Column width=\\"15%\\" dataIndex=\\"locationName\\" render={[Function: render]} />
    <Column width=\\"15%\\" dataIndex=\\"salePointName\\" render={[Function: render]} />
    <Column width=\\"15%\\" dataIndex=\\"parentUserName\\" render={[Function: render]} />
    <Column width=\\"15%\\" dataIndex=\\"loginType\\" render={[Function: render]} />
    <Column width=\\"10%\\" dataIndex=\\"role\\" render={[Function: render]} />
    <Column width=\\"15%\\" dataIndex=\\"tmpBlocked\\" className=\\"cellRight\\" render={[Function: columnRenderStatus]} />
  </Table>
</div>"
`;
