// Jest Snapshot v1, https://goo.gl/fbAQLP

exports[`<PromoCampaignSideBar /> test should match the snapshot 1`] = `"<div class=\\"menu\\"><div class=\\"blockLogo\\"><img class=\\"logo\\" src=\\"sber-logo.png\\" alt=\\"sberLogo\\"/></div><div class=\\"menuItem active\\">Новая промо-кампания</div><div class=\\"menuItem\\">Добавление контента</div><div class=\\"menuItem disabled\\">Настройки видимости</div></div>"`;
