// Jest Snapshot v1, https://goo.gl/fbAQLP

exports[`<DzoInfo /> test should match the snapshot 1`] = `
<div>
  <div
    class="dzoWrapper"
  >
    <div
      class="container"
    >
      <div
        class="backButton"
      >
        <span
          aria-label="left"
          class="anticon anticon-left"
          role="img"
        >
          <svg
            aria-hidden="true"
            data-icon="left"
            fill="currentColor"
            focusable="false"
            height="1em"
            viewBox="64 64 896 896"
            width="1em"
          >
            <path
              d="M724 218.3V141c0-6.7-7.7-10.4-12.9-6.3L260.3 486.8a31.86 31.86 0 000 50.3l450.8 352.1c5.3 4.1 12.9.4 12.9-6.3v-77.3c0-4.9-2.3-9.6-6.1-12.6l-360-281 360-281.1c3.8-3 6.1-7.7 6.1-12.6z"
            />
          </svg>
        </span>
         
         Назад
      </div>
      <div
        class="avatar"
      >
        <span
          aria-label="user"
          class="anticon anticon-user ant-dropdown-trigger dropdown"
          role="img"
          style="font-size: 22px; color: rgb(255, 255, 255); background-color: rgb(193, 200, 209); border-radius: 50px; width: 32px; height: 32px; padding: 3px;"
          tabindex="-1"
        >
          <svg
            aria-hidden="true"
            data-icon="user"
            fill="currentColor"
            focusable="false"
            height="1em"
            viewBox="64 64 896 896"
            width="1em"
          >
            <path
              d="M858.5 763.6a374 374 0 00-80.6-119.5 375.63 375.63 0 00-119.5-80.6c-.4-.2-.8-.3-1.2-.5C719.5 518 760 444.7 760 362c0-137-111-248-248-248S264 225 264 362c0 82.7 40.5 156 102.8 201.1-.4.2-.8.3-1.2.5-44.8 18.9-85 46-119.5 80.6a375.63 375.63 0 00-80.6 119.5A371.7 371.7 0 00136 901.8a8 8 0 008 8.2h60c4.4 0 7.9-3.5 8-7.8 2-77.2 33-149.5 87.8-204.3 56.7-56.7 132-87.9 212.2-87.9s155.5 31.2 212.2 87.9C779 752.7 810 825 812 902.2c.1 4.4 3.6 7.8 8 7.8h60a8 8 0 008-8.2c-1-47.8-10.9-94.3-29.5-138.2zM512 534c-45.9 0-89.1-17.9-121.6-50.4S340 407.9 340 362c0-45.9 17.9-89.1 50.4-121.6S466.1 190 512 190s89.1 17.9 121.6 50.4S684 316.1 684 362c0 45.9-17.9 89.1-50.4 121.6S557.9 534 512 534z"
            />
          </svg>
        </span>
      </div>
    </div>
    <div
      class="container"
    >
      <div
        class="dzoTitle"
      >
        Беру!
      </div>
      <div
        class="infoWrapper"
      >
        <div
          class="dzoInfo"
        >
          <div
            class="ant-row dzoInfoRow"
            style="margin: -8px -12px -8px -12px;"
          >
            <div
              class="ant-col ant-col-12"
              style="padding: 8px 12px 8px 12px;"
            >
              <div
                class="title"
              >
                Название
              </div>
              <div
                class="text"
              >
                Беру!
              </div>
            </div>
            <div
              class="ant-col ant-col-12"
              style="padding: 8px 12px 8px 12px;"
            >
              <div
                class="title"
              >
                Код
              </div>
              <div
                class="text"
              >
                beru_code
              </div>
            </div>
          </div>
          <div
            class="ant-row dzoInfoRow"
            style="margin: -8px -12px -8px -12px;"
          >
            <div
              class="ant-col ant-col-24"
              style="padding: 8px 12px 8px 12px;"
            >
              <div
                class="title"
              >
                Описание
              </div>
              <div
                class="text"
              >
                Простой поиск и дешевая покупка любых товаров онлайн у проверенных продавцов
              </div>
            </div>
          </div>
          <div
            class="ant-row bannersRow"
            style="margin-left: -12px; margin-right: -12px;"
          >
            <div
              class="ant-col ant-col-8"
              style="padding-left: 12px; padding-right: 12px;"
            >
              <div
                class="title"
              >
                Логотип (цветной)
              </div>
              <div
                class="block"
              >
                <div
                  class="logo"
                >
                  <img
                    alt=""
                    class="imageLogo"
                    src="https://goo.gle/icon.png"
                  />
                </div>
                <div
                  class="footer"
                >
                  <div
                    class="fileName"
                  >
                    icon.png
                  </div>
                  <div
                    class="fileSize"
                  />
                </div>
              </div>
            </div>
            <div
              class="ant-col ant-col-8"
              style="padding-left: 12px; padding-right: 12px;"
            >
              <div
                class="infoTitle"
              >
                Логотип (белый)
              </div>
              <div>
                <i>
                  Логотип отсутствует
                </i>
              </div>
            </div>
            <div
              class="ant-col ant-col-8"
              style="padding-left: 12px; padding-right: 12px;"
            >
              <div
                class="infoTitle"
              >
                Иконка
              </div>
              <div>
                <i>
                  Логотип отсутствует
                </i>
              </div>
            </div>
          </div>
          <div
            class="ant-row dzoInfoRow"
            style="margin: -8px -12px -8px -12px;"
          >
            <div
              class="ant-col ant-col-12"
              style="padding: 8px 12px 8px 12px;"
            >
              <div
                class="title"
              >
                Тип приложения
              </div>
              <div
                class="text"
              >
                IOS
              </div>
            </div>
            <div
              class="ant-col ant-col-12"
              style="padding: 8px 12px 8px 12px;"
            >
              <div
                class="title"
              >
                Ссылка для QR-кода
              </div>
              <div
                class="text"
              >
                https://apps.apple.com/ru/app/id1369890634
              </div>
            </div>
            <div
              class="ant-col ant-col-12"
              style="padding: 8px 12px 8px 12px;"
            >
              <div
                class="title"
              >
                Тип приложения
              </div>
              <div
                class="text"
              >
                ANDROID
              </div>
            </div>
            <div
              class="ant-col ant-col-12"
              style="padding: 8px 12px 8px 12px;"
            >
              <div
                class="title"
              >
                Ссылка для QR-кода
              </div>
              <div
                class="text"
              >
                https://play.google.com/store/apps/details/id1369890634
              </div>
            </div>
          </div>
          <div
            class="ant-row"
            style="margin-left: -12px; margin-right: -12px;"
          >
            <div
              class="ant-col ant-col-12"
              style="padding-left: 12px; padding-right: 12px;"
            >
              <div
                class="title"
              >
                Ссылка на видеоэкскурсию
              </div>
              <div
                class="text"
              >
                <i>
                  Ссылка на видеоэкскурсию отсутствует
                </i>
              </div>
            </div>
          </div>
        </div>
      </div>
      <div
        class="footer"
      >
        <div
          class="ant-space ant-space-horizontal ant-space-align-center"
        >
          <div
            class="ant-space-item"
            style="margin-right: 8px;"
          >
            <button
              class="ant-btn ant-btn-primary"
              type="button"
            >
              <span>
                Редактировать
              </span>
            </button>
          </div>
          <div
            class="ant-space-item"
          >
            <button
              class="ant-btn ant-btn-primary ant-btn-dangerous"
              type="button"
            >
              <span>
                Удалить
              </span>
            </button>
          </div>
        </div>
      </div>
    </div>
  </div>
</div>
`;
